1
0
1
ASSEMBLY
1
DRONE_SLICE-1
DRONE_SLICE
1
DRONE_SLICE-1
9
1 1
2 2
3 3
4 4
5 5
6 6
7 7
8 8
9 9
-2147483647
0
1
DRONE_SLICE-1
4
1 1
2 2
3 3
4 4
-2147483647
0
0
1
DRONE_SLICE-1
6
ARM
0
1
2
1 2 
0
0
BOTTOM_STRUT
0
1
1
3 
0
0
SET-3
0
1
2
3 4 
0
0
TOP_STRUT
0
1
1
4 
0
0
_I2
0
2
1
3 
0
0
_I3
0
2
1
4 
0
0
0
8
ORIGIN
0
1
0
1
DRONE_SLICE-1
1
3 
0
SET-2
0
1
0
1
DRONE_SLICE-1
1
2 
0
SET-3
0
1
0
1
DRONE_SLICE-1
1
4 
0
SET-4
0
1
0
1
DRONE_SLICE-1
1
4 
0
SET-5
0
1
0
1
DRONE_SLICE-1
1
5 
0
SET-6
0
1
0
1
DRONE_SLICE-1
1
4 
0
_T-Datum csys-2
0
2
0
1
DRONE_SLICE-1
1
4 
0
_T-Datum csys-3
0
2
0
1
DRONE_SLICE-1
1
5 
0
1
DRONE_SLICE-1
4
ARM
0
1
5
1 2 3 6 7 
0
0
BOTTOM_STRUT
0
1
3
1 4 8 
0
0
SET-3
0
1
5
1 4 5 8 9 
0
0
TOP_STRUT
0
1
3
1 5 9 
0
0
0
0
0
