INFO:root:Started Cantilever—end load
DEBUG:root:Shape z disp 0.0: 0.0
DEBUG:root:Shape z disp 0.1: -0.008444126720345285
DEBUG:root:Shape z disp 0.2: -0.032601175462724105
DEBUG:root:Shape z disp 0.3: -0.07072213468954999
DEBUG:root:Shape z disp 0.4: -0.1210579928632364
DEBUG:root:Shape z disp 0.5: -0.1818597384461969
DEBUG:root:Shape z disp 0.6: -0.251378359900845
DEBUG:root:Shape z disp 0.7: -0.3278648456895943
DEBUG:root:Shape z disp 0.8: -0.40957018427485803
DEBUG:root:Shape z disp 0.9: -0.49474536411904985
DEBUG:root:Shape z disp 1.0: -0.5816413736845836
DEBUG:root:Shape y angle 0.0: -1.864745386542024e-07
DEBUG:root:Shape y angle 0.1: -0.0003319350303551898
DEBUG:root:Shape y angle 0.2: -0.0006287033554199956
DEBUG:root:Shape y angle 0.3: -0.000890491449733072
DEBUG:root:Shape y angle 0.4: -0.0011172993132944182
DEBUG:root:Shape y angle 0.5: -0.0013091269461040348
DEBUG:root:Shape y angle 0.6: -0.001465974348161922
DEBUG:root:Shape y angle 0.7: -0.0015878415194680788
DEBUG:root:Shape y angle 0.8: -0.0016747284600225063
DEBUG:root:Shape y angle 0.9: -0.0017266351698252036
DEBUG:root:Shape y angle 1.0: -0.0017435616488761718
INFO:root:Started Multidimensional Simple Support Center Load Test
DEBUG:root:FEA x: -1.07259596009653e-14
DEBUG:root:FEA y: 0.0667079675116867
DEBUG:root:FEA z: -0.06670796751167597
DEBUG:root:FEA x theta: 0.0001321027948068087
DEBUG:root:FEA y theta: 0.00013210279480680868
DEBUG:root:FEA z theta: 0.00013210279480680868
DEBUG:root:FEA x reaction: 1.4277468096679513e-13
DEBUG:root:FEA y reaction: -0.5000000000002115
DEBUG:root:FEA z reaction: 0.5000000000000331
DEBUG:root:Calculated total displacement: 0.09430402058969596 | Total displacement FEA: 0.09433931237336354
DEBUG:root:Calculated total reaction: 0.7071067811865476 | Total reaction FEA: 0.7071067811867204
INFO:root:Finished
INFO:root:Started Incline Boundary Conditions
DEBUG:root:
PRE-TRANSFORM 3:
[[ 2.53559085e+05  2.51595997e+05  0.00000000e+00  0.00000000e+00  0.00000000e+00 -9.81543952e+05 -1.15508291e+03  0.00000000e+00  0.00000000e+00  0.00000000e+00  0.00000000e+00 -5.77541457e+05 -2.52404002e+05 -2.51595997e+05  0.00000000e+00  0.00000000e+00  0.00000000e+00 -4.04002495e+05]
 [ 2.51595997e+05  7.56404002e+05  0.00000000e+00  0.00000000e+00  0.00000000e+00  4.04002495e+05  0.00000000e+00 -5.04000000e+05  0.00000000e+00  0.00000000e+00  0.00000000e+00  0.00000000e+00 -2.51595997e+05 -2.52404002e+05  0.00000000e+00  0.00000000e+00  0.00000000e+00  4.04002495e+05]
 [ 0.00000000e+00  0.00000000e+00  1.96308790e+03  9.81543952e+05 -4.04002495e+05  0.00000000e+00  0.00000000e+00  0.00000000e+00 -1.15508291e+03  5.77541457e+05  0.00000000e+00  0.00000000e+00  0.00000000e+00  0.00000000e+00 -8.08004989e+02  4.04002495e+05 -4.04002495e+05  0.00000000e+00]
 [ 0.00000000e+00  0.00000000e+00  9.81543952e+05  6.72530125e+08 -2.52627834e+08  0.00000000e+00  0.00000000e+00  0.00000000e+00 -5.77541457e+05  1.92513819e+08  0.00000000e+00  0.00000000e+00  0.00000000e+00  0.00000000e+00 -4.04002495e+05  1.16500007e+08 -1.51374660e+08  0.00000000e+00]
 [ 0.00000000e+00  0.00000000e+00 -4.04002495e+05 -2.52627834e+08  3.12162591e+08  0.00000000e+00  0.00000000e+00  0.00000000e+00  0.00000000e+00  0.00000000e+00 -2.46601035e+07  0.00000000e+00  0.00000000e+00  0.00000000e+00  4.04002495e+05 -1.51374660e+08  1.16500007e+08  0.00000000e+00]
 [-9.81543952e+05  4.04002495e+05  0.00000000e+00  0.00000000e+00  0.00000000e+00  9.25157960e+08  5.77541457e+05  0.00000000e+00  0.00000000e+00  0.00000000e+00  0.00000000e+00  1.92513819e+08  4.04002495e+05 -4.04002495e+05  0.00000000e+00  0.00000000e+00  0.00000000e+00  2.67874668e+08]
 [-1.15508291e+03  0.00000000e+00  0.00000000e+00  0.00000000e+00  0.00000000e+00  5.77541457e+05  5.05155083e+05  0.00000000e+00  0.00000000e+00  0.00000000e+00  0.00000000e+00  5.77541457e+05 -5.04000000e+05  0.00000000e+00  0.00000000e+00  0.00000000e+00  0.00000000e+00  0.00000000e+00]
 [ 0.00000000e+00 -5.04000000e+05  0.00000000e+00  0.00000000e+00  0.00000000e+00  0.00000000e+00  0.00000000e+00  5.05155083e+05  0.00000000e+00  0.00000000e+00  0.00000000e+00  5.77541457e+05  0.00000000e+00 -1.15508291e+03  0.00000000e+00  0.00000000e+00  0.00000000e+00  5.77541457e+05]
 [ 0.00000000e+00  0.00000000e+00 -1.15508291e+03 -5.77541457e+05  0.00000000e+00  0.00000000e+00  0.00000000e+00  0.00000000e+00  2.31016583e+03 -5.77541457e+05 -5.77541457e+05  0.00000000e+00  0.00000000e+00  0.00000000e+00 -1.15508291e+03  0.00000000e+00 -5.77541457e+05  0.00000000e+00]
 [ 0.00000000e+00  0.00000000e+00  5.77541457e+05  1.92513819e+08  0.00000000e+00  0.00000000e+00  0.00000000e+00  0.00000000e+00 -5.77541457e+05  4.09687741e+08  0.00000000e+00  0.00000000e+00  0.00000000e+00  0.00000000e+00  0.00000000e+00 -2.46601035e+07  0.00000000e+00  0.00000000e+00]
 [ 0.00000000e+00  0.00000000e+00  0.00000000e+00  0.00000000e+00 -2.46601035e+07  0.00000000e+00  0.00000000e+00  0.00000000e+00 -5.77541457e+05  0.00000000e+00  4.09687741e+08  0.00000000e+00  0.00000000e+00  0.00000000e+00  5.77541457e+05  0.00000000e+00  1.92513819e+08  0.00000000e+00]
 [-5.77541457e+05  0.00000000e+00  0.00000000e+00  0.00000000e+00  0.00000000e+00  1.92513819e+08  5.77541457e+05  5.77541457e+05  0.00000000e+00  0.00000000e+00  0.00000000e+00  7.70055276e+08  0.00000000e+00 -5.77541457e+05  0.00000000e+00  0.00000000e+00  0.00000000e+00  1.92513819e+08]
 [-2.52404002e+05 -2.51595997e+05  0.00000000e+00  0.00000000e+00  0.00000000e+00  4.04002495e+05 -5.04000000e+05  0.00000000e+00  0.00000000e+00  0.00000000e+00  0.00000000e+00  0.00000000e+00  7.56404002e+05  2.51595997e+05  0.00000000e+00  0.00000000e+00  0.00000000e+00  4.04002495e+05]
 [-2.51595997e+05 -2.52404002e+05  0.00000000e+00  0.00000000e+00  0.00000000e+00 -4.04002495e+05  0.00000000e+00 -1.15508291e+03  0.00000000e+00  0.00000000e+00  0.00000000e+00 -5.77541457e+05  2.51595997e+05  2.53559085e+05  0.00000000e+00  0.00000000e+00  0.00000000e+00 -9.81543952e+05]
 [ 0.00000000e+00  0.00000000e+00 -8.08004989e+02 -4.04002495e+05  4.04002495e+05  0.00000000e+00  0.00000000e+00  0.00000000e+00 -1.15508291e+03  0.00000000e+00  5.77541457e+05  0.00000000e+00  0.00000000e+00  0.00000000e+00  1.96308790e+03 -4.04002495e+05  9.81543952e+05  0.00000000e+00]
 [ 0.00000000e+00  0.00000000e+00  4.04002495e+05  1.16500007e+08 -1.51374660e+08  0.00000000e+00  0.00000000e+00  0.00000000e+00  0.00000000e+00 -2.46601035e+07  0.00000000e+00  0.00000000e+00  0.00000000e+00  0.00000000e+00 -4.04002495e+05  3.12162591e+08 -2.52627834e+08  0.00000000e+00]
 [ 0.00000000e+00  0.00000000e+00 -4.04002495e+05 -1.51374660e+08  1.16500007e+08  0.00000000e+00  0.00000000e+00  0.00000000e+00 -5.77541457e+05  0.00000000e+00  1.92513819e+08  0.00000000e+00  0.00000000e+00  0.00000000e+00  9.81543952e+05 -2.52627834e+08  6.72530125e+08  0.00000000e+00]
 [-4.04002495e+05  4.04002495e+05  0.00000000e+00  0.00000000e+00  0.00000000e+00  2.67874668e+08  0.00000000e+00  5.77541457e+05  0.00000000e+00  0.00000000e+00  0.00000000e+00  1.92513819e+08  4.04002495e+05 -9.81543952e+05  0.00000000e+00  0.00000000e+00  0.00000000e+00  9.25157960e+08]]
DEBUG:root:
TRANSFORM 3:
[[ 1.          0.          0.          0.          0.          0.          0.          0.          0.          0.          0.          0.          0.          0.          0.          0.          0.          0.        ]
 [ 0.          1.          0.          0.          0.          0.          0.          0.          0.          0.          0.          0.          0.          0.          0.          0.          0.          0.        ]
 [ 0.          0.          1.          0.          0.          0.          0.          0.          0.          0.          0.          0.          0.          0.          0.          0.          0.          0.        ]
 [ 0.          0.          0.          1.          0.          0.          0.          0.          0.          0.          0.          0.          0.          0.          0.          0.          0.          0.        ]
 [ 0.          0.          0.          0.          1.          0.          0.          0.          0.          0.          0.          0.          0.          0.          0.          0.          0.          0.        ]
 [ 0.          0.          0.          0.          0.          1.          0.          0.          0.          0.          0.          0.          0.          0.          0.          0.          0.          0.        ]
 [ 0.          0.          0.          0.          0.          0.          1.          0.          0.          0.          0.          0.          0.          0.          0.          0.          0.          0.        ]
 [ 0.          0.          0.          0.          0.          0.          0.          1.          0.          0.          0.          0.          0.          0.          0.          0.          0.          0.        ]
 [ 0.          0.          0.          0.          0.          0.          0.          0.          1.          0.          0.          0.          0.          0.          0.          0.          0.          0.        ]
 [ 0.          0.          0.          0.          0.          0.          0.          0.          0.          1.          0.          0.          0.          0.          0.          0.          0.          0.        ]
 [ 0.          0.          0.          0.          0.          0.          0.          0.          0.          0.          1.          0.          0.          0.          0.          0.          0.          0.        ]
 [ 0.          0.          0.          0.          0.          0.          0.          0.          0.          0.          0.          1.          0.          0.          0.          0.          0.          0.        ]
 [ 0.          0.          0.          0.          0.          0.          0.          0.          0.          0.          0.          0.          0.70710678  0.70710678  0.          0.          0.          0.        ]
 [ 0.          0.          0.          0.          0.          0.          0.          0.          0.          0.          0.          0.         -0.70710678  0.70710678  0.          0.          0.          0.        ]
 [ 0.          0.          0.          0.          0.          0.          0.          0.          0.          0.          0.          0.          0.         -0.          1.          0.          0.          0.        ]
 [ 0.          0.          0.          0.          0.          0.          0.          0.          0.          0.          0.          0.          0.          0.          0.          0.70710678  0.70710678  0.        ]
 [ 0.          0.          0.          0.          0.          0.          0.          0.          0.          0.          0.          0.          0.          0.          0.         -0.70710678  0.70710678  0.        ]
 [ 0.          0.          0.          0.          0.          0.          0.          0.          0.          0.          0.          0.          0.          0.          0.          0.         -0.          1.        ]]
DEBUG:root:
POST-TRANSFORM 3:
[[ 5.05155083e+05  0.00000000e+00 -3.56381818e+05 -1.15508291e+03  0.00000000e+00  0.00000000e+00  0.00000000e+00  0.00000000e+00  5.77541457e+05  0.00000000e+00  0.00000000e+00  0.00000000e+00  5.77541457e+05  3.56381818e+05  0.00000000e+00  0.00000000e+00  0.00000000e+00  0.00000000e+00]
 [ 0.00000000e+00  4.09687741e+08  0.00000000e+00  0.00000000e+00  0.00000000e+00  5.77541457e+05  1.92513819e+08  0.00000000e+00  0.00000000e+00  0.00000000e+00 -5.77541457e+05  0.00000000e+00  0.00000000e+00  0.00000000e+00  0.00000000e+00 -1.74373264e+07  1.74373264e+07  0.00000000e+00]
 [-3.56381818e+05  0.00000000e+00  7.56577541e+05 -3.56381818e+05 -3.56381818e+05  0.00000000e+00  0.00000000e+00  0.00000000e+00  5.62619414e-12 -8.16766961e+02  0.00000000e+00  0.00000000e+00 -4.08383481e+05 -2.51422458e+05  0.00000000e+00  0.00000000e+00  0.00000000e+00 -4.08383481e+05]
 [-1.15508291e+03  0.00000000e+00 -3.56381818e+05  2.53559085e+05  2.51595997e+05  0.00000000e+00  0.00000000e+00  0.00000000e+00 -9.81543952e+05  0.00000000e+00  0.00000000e+00  0.00000000e+00 -5.77541457e+05  5.71345807e+02  0.00000000e+00  0.00000000e+00  0.00000000e+00 -4.04002495e+05]
 [ 0.00000000e+00  0.00000000e+00 -3.56381818e+05  2.51595997e+05  7.56404002e+05  0.00000000e+00  0.00000000e+00  0.00000000e+00  4.04002495e+05 -5.04000000e+05  0.00000000e+00  0.00000000e+00  0.00000000e+00 -5.71345807e+02  0.00000000e+00  0.00000000e+00  0.00000000e+00  4.04002495e+05]
 [ 0.00000000e+00  5.77541457e+05  0.00000000e+00  0.00000000e+00  0.00000000e+00  1.96308790e+03  9.81543952e+05 -4.04002495e+05  0.00000000e+00  0.00000000e+00 -1.15508291e+03  0.00000000e+00  0.00000000e+00  0.00000000e+00 -8.08004989e+02  5.62619414e-12 -5.71345807e+05  0.00000000e+00]
 [ 0.00000000e+00  1.92513819e+08  0.00000000e+00  0.00000000e+00  0.00000000e+00  9.81543952e+05  6.72530125e+08 -2.52627834e+08  0.00000000e+00  0.00000000e+00 -5.77541457e+05  0.00000000e+00  0.00000000e+00  0.00000000e+00 -4.04002495e+05 -2.46601035e+07 -1.89415994e+08  0.00000000e+00]
 [ 0.00000000e+00  0.00000000e+00  0.00000000e+00  0.00000000e+00  0.00000000e+00 -4.04002495e+05 -2.52627834e+08  3.12162591e+08  0.00000000e+00  0.00000000e+00  0.00000000e+00 -2.46601035e+07  0.00000000e+00  0.00000000e+00  4.04002495e+05 -2.46601035e+07  1.89415994e+08  0.00000000e+00]
 [ 5.77541457e+05  0.00000000e+00  5.62619414e-12 -9.81543952e+05  4.04002495e+05  0.00000000e+00  0.00000000e+00  0.00000000e+00  9.25157960e+08  0.00000000e+00  0.00000000e+00  0.00000000e+00  1.92513819e+08 -5.71345807e+05  0.00000000e+00  0.00000000e+00  0.00000000e+00  2.67874668e+08]
 [ 0.00000000e+00  0.00000000e+00 -8.16766961e+02  0.00000000e+00 -5.04000000e+05  0.00000000e+00  0.00000000e+00  0.00000000e+00  0.00000000e+00  5.05155083e+05  0.00000000e+00  0.00000000e+00  5.77541457e+05 -8.16766961e+02  0.00000000e+00  0.00000000e+00  0.00000000e+00  5.77541457e+05]
 [ 0.00000000e+00 -5.77541457e+05  0.00000000e+00  0.00000000e+00  0.00000000e+00 -1.15508291e+03 -5.77541457e+05  0.00000000e+00  0.00000000e+00  0.00000000e+00  2.31016583e+03 -5.77541457e+05  0.00000000e+00  0.00000000e+00 -1.15508291e+03 -4.08383481e+05 -4.08383481e+05  0.00000000e+00]
 [ 0.00000000e+00  0.00000000e+00  0.00000000e+00  0.00000000e+00  0.00000000e+00  0.00000000e+00  0.00000000e+00 -2.46601035e+07  0.00000000e+00  0.00000000e+00 -5.77541457e+05  4.09687741e+08  0.00000000e+00  0.00000000e+00  5.77541457e+05  1.36127827e+08  1.36127827e+08  0.00000000e+00]
 [ 5.77541457e+05  0.00000000e+00 -4.08383481e+05 -5.77541457e+05  0.00000000e+00  0.00000000e+00  0.00000000e+00  0.00000000e+00  1.92513819e+08  5.77541457e+05  0.00000000e+00  0.00000000e+00  7.70055276e+08 -4.08383481e+05  0.00000000e+00  0.00000000e+00  0.00000000e+00  1.92513819e+08]
 [ 3.56381818e+05  0.00000000e+00 -2.51422458e+05  5.71345807e+02 -5.71345807e+02  0.00000000e+00  0.00000000e+00  0.00000000e+00 -5.71345807e+05 -8.16766961e+02  0.00000000e+00  0.00000000e+00 -4.08383481e+05  2.53385546e+05  0.00000000e+00  0.00000000e+00  0.00000000e+00 -9.79729288e+05]
 [ 0.00000000e+00  0.00000000e+00  0.00000000e+00  0.00000000e+00  0.00000000e+00 -8.08004989e+02 -4.04002495e+05  4.04002495e+05  0.00000000e+00  0.00000000e+00 -1.15508291e+03  5.77541457e+05  0.00000000e+00  0.00000000e+00  1.96308790e+03  4.08383481e+05  9.79729288e+05  0.00000000e+00]
 [ 0.00000000e+00 -1.74373264e+07  0.00000000e+00  0.00000000e+00  0.00000000e+00  5.62619414e-12 -2.46601035e+07 -2.46601035e+07  0.00000000e+00  0.00000000e+00 -4.08383481e+05  1.36127827e+08  0.00000000e+00  0.00000000e+00  4.08383481e+05  2.39718524e+08  1.80183767e+08  0.00000000e+00]
 [ 0.00000000e+00  1.74373264e+07  0.00000000e+00  0.00000000e+00  0.00000000e+00 -5.71345807e+05 -1.89415994e+08  1.89415994e+08  0.00000000e+00  0.00000000e+00 -4.08383481e+05  1.36127827e+08  0.00000000e+00  0.00000000e+00  9.79729288e+05  1.80183767e+08  7.44974192e+08  0.00000000e+00]
 [ 0.00000000e+00  0.00000000e+00 -4.08383481e+05 -4.04002495e+05  4.04002495e+05  0.00000000e+00  0.00000000e+00  0.00000000e+00  2.67874668e+08  5.77541457e+05  0.00000000e+00  0.00000000e+00  1.92513819e+08 -9.79729288e+05  0.00000000e+00  0.00000000e+00  0.00000000e+00  9.25157960e+08]]
DEBUG:root:FEA 2y: 2.9648663864514173 | Expected 11.91
DEBUG:root:FEA 1x: -501141.9912108859 | Expected -500000
DEBUG:root:FEA 1x: -501141.9912108859 | Expected -500000
DEBUG:root:FEA 1y: -497717.324706506 | Expected -500000
DEBUG:root:FEA 1y: -497717.324706506 | Expected -500000
DEBUG:root:FEA 2y: -1140.684082607999 | Expected 0
INFO:root:Finished
