Analysis initiated from SIMULIA established products
Abaqus JOB UAV_SLICE_ANGLE_CORRECTION
Abaqus 2024.HF3
Abaqus License Manager checked out the following licenses:
Abaqus/Standard checked out 5 tokens from Flexnet server abaqus.software.vt.edu.
<225 out of 240 licenses remain available>.
Begin Analysis Input File Processor
9/25/2025 5:14:44 AM
Run pre.exe
9/25/2025 5:14:50 AM
End Analysis Input File Processor
Begin Abaqus/Standard Analysis
9/25/2025 5:14:50 AM
Run standard.exe
9/25/2025 5:14:57 AM
End Abaqus/Standard Analysis
Begin SIM Wrap-up
9/25/2025 5:14:58 AM
Run SMASimUtility.exe
9/25/2025 5:14:58 AM
End SIM Wrap-up
Abaqus JOB UAV_SLICE_ANGLE_CORRECTION COMPLETED
