\BOOKMARK [1][-]{titlepage.1}{\376\377\000T\000i\000t\000l\000e\000p\000a\000g\000e}{}% 1
\BOOKMARK [1][-]{abstract.1}{\376\377\000A\000b\000s\000t\000r\000a\000c\000t}{}% 2
\BOOKMARK [1][-]{abstractgenaud.1}{\376\377\000G\000e\000n\000e\000r\000a\000l\000\040\000A\000u\000d\000i\000e\000n\000c\000e\000\040\000A\000b\000s\000t\000r\000a\000c\000t}{}% 3
\BOOKMARK [0][-]{chapter*.2}{\376\377\000L\000i\000s\000t\000\040\000o\000f\000\040\000F\000i\000g\000u\000r\000e\000s}{}% 4
\BOOKMARK [0][-]{chapter*.3}{\376\377\000L\000i\000s\000t\000\040\000o\000f\000\040\000T\000a\000b\000l\000e\000s}{}% 5
\BOOKMARK [0][-]{chapter.1}{\376\377\000I\000n\000t\000r\000o\000d\000u\000c\000t\000i\000o\000n}{}% 6
\BOOKMARK [1][-]{section.1.1}{\376\377\000S\000t\000a\000t\000e\000m\000e\000n\000t\000\040\000o\000f\000\040\000N\000e\000e\000d}{chapter.1}% 7
\BOOKMARK [1][-]{section.1.2}{\376\377\000H\000y\000p\000o\000t\000h\000e\000s\000i\000s\000\040\000S\000t\000a\000t\000e\000m\000e\000n\000t}{chapter.1}% 8
\BOOKMARK [1][-]{section.1.3}{\376\377\000O\000b\000j\000e\000c\000t\000i\000v\000e}{chapter.1}% 9
\BOOKMARK [1][-]{section.1.4}{\376\377\000S\000c\000o\000p\000e}{chapter.1}% 10
\BOOKMARK [1][-]{section.1.5}{\376\377\000O\000u\000t\000l\000i\000n\000e}{chapter.1}% 11
\BOOKMARK [0][-]{chapter.2}{\376\377\000R\000e\000v\000i\000e\000w\000\040\000o\000f\000\040\000L\000i\000t\000e\000r\000a\000t\000u\000r\000e}{}% 12
\BOOKMARK [1][-]{section.2.1}{\376\377\000M\000u\000l\000t\000i\000d\000i\000s\000c\000i\000p\000l\000i\000n\000a\000r\000y\000\040\000D\000e\000s\000i\000g\000n\000\040\000O\000p\000t\000i\000m\000i\000z\000a\000t\000i\000o\000n\000\040\000f\000o\000r\000\040\000U\000A\000V\000s}{chapter.2}% 13
\BOOKMARK [1][-]{section.2.2}{\376\377\000M\000i\000s\000s\000i\000o\000n\000\040\000P\000r\000o\000f\000i\000l\000e\000\040\000D\000e\000s\000i\000g\000n}{chapter.2}% 14
\BOOKMARK [0][-]{chapter.3}{\376\377\000U\000A\000V\000\040\000D\000e\000s\000i\000g\000n}{}% 15
\BOOKMARK [1][-]{section.3.1}{\376\377\000U\000A\000V\000\040\000G\000e\000o\000m\000e\000t\000r\000y}{chapter.3}% 16
\BOOKMARK [2][-]{subsection.3.1.1}{\376\377\000D\000e\000s\000i\000g\000n\000\040\000V\000a\000r\000i\000a\000b\000l\000e\000s}{section.3.1}% 17
\BOOKMARK [2][-]{subsection.3.1.2}{\376\377\000D\000e\000s\000i\000g\000n\000\040\000P\000a\000r\000a\000m\000e\000t\000e\000r\000s}{section.3.1}% 18
\BOOKMARK [2][-]{subsection.3.1.3}{\376\377\000M\000a\000s\000s\000\040\000a\000n\000d\000\040\000P\000a\000y\000l\000o\000a\000d}{section.3.1}% 19
\BOOKMARK [2][-]{subsection.3.1.4}{\376\377\000M\000a\000t\000e\000r\000i\000a\000l\000\040\000P\000r\000o\000p\000e\000r\000t\000i\000e\000s}{section.3.1}% 20
\BOOKMARK [0][-]{chapter.4}{\376\377\000M\000i\000s\000s\000i\000o\000n\000\040\000P\000r\000o\000f\000i\000l\000e}{}% 21
\BOOKMARK [1][-]{section.4.1}{\376\377\000U\000n\000i\000t\000s}{chapter.4}% 22
\BOOKMARK [1][-]{section.4.2}{\376\377\000M\000i\000s\000s\000i\000o\000n\000\040\000P\000r\000o\000f\000i\000l\000e\000\040\000G\000e\000n\000e\000r\000a\000t\000i\000o\000n}{chapter.4}% 23
\BOOKMARK [2][-]{subsection.4.2.1}{\376\377\000F\000o\000r\000c\000e\000s}{section.4.2}% 24
\BOOKMARK [1][-]{section.4.3}{\376\377\000E\000n\000e\000r\000g\000y\000\040\000C\000o\000n\000s\000u\000m\000p\000t\000i\000o\000n}{chapter.4}% 25
\BOOKMARK [2][-]{subsection.4.3.1}{\376\377\000B\000a\000t\000t\000e\000r\000i\000e\000s}{section.4.3}% 26
\BOOKMARK [2][-]{subsection.4.3.2}{\376\377\000P\000o\000w\000e\000r\000\040\000C\000a\000l\000c\000u\000l\000a\000t\000i\000o\000n}{section.4.3}% 27
\BOOKMARK [2][-]{subsection.4.3.3}{\376\377\000A\000n\000g\000u\000l\000a\000r\000\040\000V\000e\000l\000o\000c\000i\000t\000y\000\040\000C\000a\000l\000c\000u\000l\000a\000t\000i\000o\000n}{section.4.3}% 28
\BOOKMARK [2][-]{subsection.4.3.4}{\376\377\000E\000n\000e\000r\000g\000y\000\040\000C\000o\000n\000s\000u\000m\000p\000t\000i\000o\000n\000\040\000C\000a\000l\000c\000u\000l\000a\000t\000i\000o\000n}{section.4.3}% 29
\BOOKMARK [2][-]{subsection.4.3.5}{\376\377\000P\000e\000r\000t\000u\000r\000b\000a\000t\000i\000o\000n\000\040\000C\000a\000l\000c\000u\000l\000a\000t\000i\000o\000n}{section.4.3}% 30
\BOOKMARK [0][-]{chapter.5}{\376\377\000F\000i\000n\000i\000t\000e\000\040\000E\000l\000e\000m\000e\000n\000t\000\040\000A\000n\000a\000l\000y\000s\000i\000s}{}% 31
\BOOKMARK [1][-]{section.5.1}{\376\377\000B\000e\000a\000m\000\040\000M\000o\000d\000e\000l}{chapter.5}% 32
\BOOKMARK [2][-]{subsection.5.1.1}{\376\377\000B\000e\000a\000m\000\040\000E\000l\000e\000m\000e\000n\000t\000\040\000F\000o\000r\000m\000u\000l\000a\000t\000i\000o\000n}{section.5.1}% 33
\BOOKMARK [2][-]{subsection.5.1.2}{\376\377\000U\000A\000V\000\040\000S\000l\000i\000c\000e\000\040\000M\000o\000d\000e\000l}{section.5.1}% 34
\BOOKMARK [2][-]{subsection.5.1.3}{\376\377\000C\000o\000n\000s\000t\000r\000a\000i\000n\000t\000s}{section.5.1}% 35
\BOOKMARK [1][-]{section.5.2}{\376\377\000B\000e\000a\000m\000\040\000S\000t\000r\000e\000s\000s\000e\000s}{chapter.5}% 36
\BOOKMARK [1][-]{section.5.3}{\376\377\000S\000o\000l\000v\000e\000r\000s}{chapter.5}% 37
\BOOKMARK [2][-]{subsection.5.3.1}{\376\377\000S\000t\000a\000t\000i\000c}{section.5.3}% 38
\BOOKMARK [2][-]{subsection.5.3.2}{\376\377\000D\000y\000n\000a\000m\000i\000c}{section.5.3}% 39
\BOOKMARK [2][-]{subsection.5.3.3}{\376\377\000T\000r\000a\000n\000s\000i\000e\000n\000t}{section.5.3}% 40
\BOOKMARK [1][-]{section.5.4}{\376\377\000M\000a\000s\000s\000\040\000A\000n\000a\000l\000y\000s\000i\000s}{chapter.5}% 41
\BOOKMARK [0][-]{chapter.6}{\376\377\000O\000p\000t\000i\000m\000i\000z\000a\000t\000i\000o\000n}{}% 42
\BOOKMARK [1][-]{section.6.1}{\376\377\000O\000b\000j\000e\000c\000t\000i\000v\000e\000\040\000F\000u\000n\000c\000t\000i\000o\000n}{chapter.6}% 43
\BOOKMARK [1][-]{section.6.2}{\376\377\000C\000o\000n\000s\000t\000r\000a\000i\000n\000t\000s}{chapter.6}% 44
\BOOKMARK [2][-]{subsection.6.2.1}{\376\377\000B\000o\000u\000n\000d\000a\000r\000i\000e\000s}{section.6.2}% 45
\BOOKMARK [2][-]{subsection.6.2.2}{\376\377\000D\000i\000s\000p\000l\000a\000c\000e\000m\000e\000n\000t}{section.6.2}% 46
\BOOKMARK [2][-]{subsection.6.2.3}{\376\377\000S\000t\000r\000e\000s\000s}{section.6.2}% 47
\BOOKMARK [2][-]{subsection.6.2.4}{\376\377\000F\000r\000e\000q\000u\000e\000n\000c\000y}{section.6.2}% 48
\BOOKMARK [2][-]{subsection.6.2.5}{\376\377\000D\000a\000m\000a\000g\000e}{section.6.2}% 49
\BOOKMARK [2][-]{subsection.6.2.6}{\376\377\000E\000n\000e\000r\000g\000y}{section.6.2}% 50
\BOOKMARK [0][-]{chapter.7}{\376\377\000R\000e\000s\000u\000l\000t\000s}{}% 51
\BOOKMARK [1][-]{section.7.1}{\376\377\000I\000n\000i\000t\000i\000a\000l\000\040\000G\000u\000e\000s\000s}{chapter.7}% 52
\BOOKMARK [1][-]{section.7.2}{\376\377\000C\000o\000n\000s\000t\000a\000n\000t\000s}{chapter.7}% 53
\BOOKMARK [1][-]{section.7.3}{\376\377\0005\0000\000m\000m\000\040\000D\000e\000f\000l\000e\000c\000t\000i\000o\000n\000\040\000D\000e\000s\000i\000g\000n}{chapter.7}% 54
\BOOKMARK [1][-]{section.7.4}{\376\377\0001\0000\000m\000m\000\040\000D\000e\000f\000l\000e\000c\000t\000i\000o\000n\000\040\000D\000e\000s\000i\000g\000n}{chapter.7}% 55
\BOOKMARK [2][-]{subsection.7.4.1}{\376\377\000D\000i\000s\000p\000l\000a\000c\000e\000m\000e\000n\000t\000\040\000a\000n\000d\000\040\000S\000t\000r\000e\000s\000s}{section.7.4}% 56
\BOOKMARK [2][-]{subsection.7.4.2}{\376\377\000F\000r\000e\000q\000u\000e\000n\000c\000y}{section.7.4}% 57
\BOOKMARK [2][-]{subsection.7.4.3}{\376\377\000E\000n\000e\000r\000g\000y}{section.7.4}% 58
\BOOKMARK [2][-]{subsection.7.4.4}{\376\377\000D\000a\000m\000a\000g\000e}{section.7.4}% 59
\BOOKMARK [2][-]{subsection.7.4.5}{\376\377\000D\000e\000s\000i\000g\000n\000\040\000S\000p\000a\000c\000e}{section.7.4}% 60
\BOOKMARK [2][-]{subsection.7.4.6}{\376\377\000S\000e\000n\000s\000i\000t\000i\000v\000i\000t\000y\000\040\000A\000n\000a\000l\000y\000s\000i\000s}{section.7.4}% 61
\BOOKMARK [0][-]{chapter.8}{\376\377\000C\000o\000n\000c\000l\000u\000s\000i\000o\000n\000s\000,\000\040\000S\000u\000m\000m\000a\000r\000y\000,\000\040\000a\000n\000d\000\040\000R\000e\000c\000o\000m\000m\000e\000n\000d\000a\000t\000i\000o\000n\000s}{}% 62
\BOOKMARK [1][-]{section.8.1}{\376\377\000S\000u\000m\000m\000a\000r\000y}{chapter.8}% 63
\BOOKMARK [1][-]{section.8.2}{\376\377\000C\000o\000n\000c\000l\000u\000s\000i\000o\000n\000s}{chapter.8}% 64
\BOOKMARK [1][-]{section.8.3}{\376\377\000R\000e\000c\000o\000m\000m\000e\000n\000d\000a\000t\000i\000o\000n\000s}{chapter.8}% 65
\BOOKMARK [2][-]{subsection.8.3.1}{\376\377\000F\000i\000n\000i\000t\000e\000\040\000E\000l\000e\000m\000e\000n\000t\000\040\000M\000o\000d\000e\000l\000\040\000R\000e\000f\000i\000n\000e\000m\000e\000n\000t}{section.8.3}% 66
\BOOKMARK [2][-]{subsection.8.3.2}{\376\377\000M\000i\000s\000s\000i\000o\000n\000\040\000P\000r\000o\000f\000i\000l\000e\000\040\000R\000e\000f\000i\000n\000e\000m\000e\000n\000t}{section.8.3}% 67
\BOOKMARK [2][-]{subsection.8.3.3}{\376\377\000F\000r\000e\000q\000u\000e\000n\000c\000y\000\040\000C\000o\000n\000s\000t\000r\000a\000i\000n\000t}{section.8.3}% 68
\BOOKMARK [2][-]{subsection.8.3.4}{\376\377\000M\000a\000t\000e\000r\000i\000a\000l\000\040\000a\000n\000d\000\040\000F\000a\000t\000i\000g\000u\000e\000\040\000M\000o\000d\000e\000l\000i\000n\000g}{section.8.3}% 69
\BOOKMARK [2][-]{subsection.8.3.5}{\376\377\000P\000r\000e\000v\000e\000n\000t\000i\000n\000g\000\040\000H\000i\000g\000h\000\040\000S\000u\000r\000f\000a\000c\000e\000\040\000A\000r\000e\000a\000\040\000S\000o\000l\000u\000t\000i\000o\000n\000s}{section.8.3}% 70
\BOOKMARK [0][-]{chapter*.69}{\376\377\000B\000i\000b\000l\000i\000o\000g\000r\000a\000p\000h\000y}{}% 71
\BOOKMARK [0][-]{section*.70}{\376\377\000A\000p\000p\000e\000n\000d\000i\000c\000e\000s}{}% 72
\BOOKMARK [0][-]{appendix.a.A}{\376\377\000A\000p\000p\000e\000n\000d\000i\000x\000\040\000D\000e\000s\000i\000g\000n\000\040\000S\000p\000a\000c\000e\000\040\000P\000l\000o\000t\000s}{}% 73
\BOOKMARK [0][-]{appendix.a.B}{\376\377\000A\000p\000p\000e\000n\000d\000i\000x\000\040\000C\000o\000d\000e\000\040\000A\000r\000c\000h\000i\000t\000e\000c\000t\000u\000r\000e}{}% 74
